// Jest Snapshot v1, https://goo.gl/fbAQLP

exports[`HomeScreen component renders correctly 1`] = `
<View
  style={
    {
      "alignItems": "center",
      "flex": 1,
      "justifyContent": "center",
    }
  }
>
  <Text>
    This is the Profile Screen
  </Text>
</View>
`;
